
> reinsurance-platform@1.0.0 build
> tsc && vite build

src/components/FilterPanel.tsx(139,74): error TS2322: Type '{ key: number; className: string; style: { animationDelay: string; }; }' is not assignable to type 'IntrinsicAttributes & SkeletonProps'.
  Property 'style' does not exist on type 'IntrinsicAttributes & SkeletonProps'.
src/components/Layout.tsx(339,68): error TS2339: Property 'email' does not exist on type 'AuthUser'.
src/components/ui/Skeleton.tsx(137,21): error TS2322: Type '{ key: number; className: string; style: { animationDelay: string; }; }' is not assignable to type 'IntrinsicAttributes & SkeletonProps'.
  Property 'style' does not exist on type 'IntrinsicAttributes & SkeletonProps'.
src/pages/MarketSelection.tsx(216,66): error TS2322: Type '"primary"' is not assignable to type '"contracts" | "recommendations" | undefined'.
src/pages/Recommendations.tsx(57,58): error TS2322: Type '"primary"' is not assignable to type '"contracts" | "recommendations" | undefined'.
