src/components/Charts/DistributionCharts.tsx(216,41): error TS6133: 'entry' is declared but its value is never read.
src/components/Charts/DistributionCharts.tsx(255,35): error TS6133: 'entry' is declared but its value is never read.
src/components/Charts/EvolutionChart.tsx(2,8): error TS6133: 'React' is declared but its value is never read.
src/components/Charts/FinancesChart.tsx(1,8): error TS6133: 'React' is declared but its value is never read.
src/components/Charts/FinancesChart.tsx(2,90): error TS6133: 'Legend' is declared but its value is never read.
src/components/Charts/FinancesChart.tsx(7,25): error TS6133: 'formatPercent' is declared but its value is never read.
src/components/Charts/PivotTable.tsx(2,8): error TS6133: 'React' is declared but its value is never read.
src/components/Charts/RadarChartComponent.tsx(2,1): error TS6133: 'React' is declared but its value is never read.
src/components/Charts/RenewalsAnalysis.tsx(1,8): error TS6133: 'React' is declared but its value is never read.
src/components/Charts/RentabiliteChart.tsx(1,8): error TS6133: 'React' is declared but its value is never read.
src/components/Charts/RentabiliteChart.tsx(2,10): error TS6133: 'BarChart' is declared but its value is never read.
src/components/Charts/WorldMap.tsx(1,8): error TS6133: 'React' is declared but its value is never read.
src/components/DashboardAlerts.tsx(1,8): error TS6133: 'React' is declared but its value is never read.
src/components/DataTable.tsx(2,8): error TS6133: 'React' is declared but its value is never read.
src/components/ExportButton.tsx(2,8): error TS6133: 'React' is declared but its value is never read.
src/components/Layout.tsx(2,1): error TS6133: 'React' is declared but its value is never read.
src/components/PipelineView.tsx(1,1): error TS6133: 'React' is declared but its value is never read.
src/context/AuthContext.tsx(1,8): error TS6133: 'React' is declared but its value is never read.
src/hooks/useInactiveClients.ts(4,10): error TS6133: 'InactiveClient' is declared but its value is never read.
src/pages/Admin.tsx(8,51): error TS6133: 'UserCreate' is declared but its value is never read.
src/pages/Analysis.tsx(1,8): error TS6133: 'React' is declared but its value is never read.
src/pages/Analysis.tsx(579,39): error TS6133: 'entry' is declared but its value is never read.
src/pages/CedanteAnalysis.tsx(1,8): error TS6133: 'React' is declared but its value is never read.
src/pages/CedanteAnalysis.tsx(5,161): error TS6133: 'LineChart' is declared but its value is never read.
src/pages/CedanteAnalysis.tsx(333,38): error TS6133: 'entry' is declared but its value is never read.
src/pages/Comparison.tsx(44,35): error TS6133: 'inverse' is declared but its value is never read.
src/pages/Comparison.tsx(88,11): error TS6133: 'filterOptions' is declared but its value is never read.
src/pages/Dashboard.tsx(1,8): error TS6133: 'React' is declared but its value is never read.
src/pages/Dashboard.tsx(26,9): error TS6133: 'location' is declared but its value is never read.
src/pages/ExpositionRisques.tsx(9,77): error TS6133: 'Cell' is declared but its value is never read.
src/pages/ExpositionRisques.tsx(34,11): error TS6196: 'KPIResult' is declared but never used.
src/pages/ExpositionRisques.tsx(88,20): error TS6133: 'filterOptions' is declared but its value is never read.
src/pages/MarketSelection.tsx(1,8): error TS6133: 'React' is declared but its value is never read.
src/pages/Recommendations.tsx(1,8): error TS6133: 'React' is declared but its value is never read.
src/pages/Recommendations.tsx(3,40): error TS6133: 'badgeClass' is declared but its value is never read.
